[debug] [2026-04-27T13:57:00.366Z] ----------------------------------------------------------------------
[debug] [2026-04-27T13:57:00.369Z] Command:       /opt/homebrew/Cellar/node/25.9.0_2/bin/node /opt/homebrew/bin/firebase serve
[debug] [2026-04-27T13:57:00.369Z] CLI Version:   15.15.0
[debug] [2026-04-27T13:57:00.369Z] Platform:      darwin
[debug] [2026-04-27T13:57:00.369Z] Node Version:  v25.9.0
[debug] [2026-04-27T13:57:00.369Z] Time:          Mon Apr 27 2026 15:57:00 GMT+0200 (Central European Summer Time)
[debug] [2026-04-27T13:57:00.369Z] ----------------------------------------------------------------------
[debug] 
[debug] [2026-04-27T13:57:01.277Z] > command requires scopes: ["email","openid","https://www.googleapis.com/auth/cloudplatformprojects.readonly","https://www.googleapis.com/auth/firebase","https://www.googleapis.com/auth/cloud-platform"]
[debug] [2026-04-27T13:57:01.277Z] > authorizing via signed-in user (thibaudravier@gmail.com)
[debug] [2026-04-27T13:57:01.277Z] [iam] checking project bkanimationemerainville for permissions ["firebase.projects.get"]
[debug] [2026-04-27T13:57:01.278Z] Checked if tokens are valid: true, expires at: 1777301384444
[debug] [2026-04-27T13:57:01.278Z] Checked if tokens are valid: true, expires at: 1777301384444
[debug] [2026-04-27T13:57:01.278Z] >>> [apiv2][query] POST https://cloudresourcemanager.googleapis.com/v1/projects/bkanimationemerainville:testIamPermissions [none]
[debug] [2026-04-27T13:57:01.279Z] >>> [apiv2][(partial)header] POST https://cloudresourcemanager.googleapis.com/v1/projects/bkanimationemerainville:testIamPermissions  x-goog-user-project=bkanimationemerainville
[debug] [2026-04-27T13:57:01.279Z] >>> [apiv2][body] POST https://cloudresourcemanager.googleapis.com/v1/projects/bkanimationemerainville:testIamPermissions {"permissions":["firebase.projects.get"]}
[debug] [2026-04-27T13:57:01.916Z] <<< [apiv2][status] POST https://cloudresourcemanager.googleapis.com/v1/projects/bkanimationemerainville:testIamPermissions 200
[debug] [2026-04-27T13:57:01.916Z] <<< [apiv2][body] POST https://cloudresourcemanager.googleapis.com/v1/projects/bkanimationemerainville:testIamPermissions {"permissions":["firebase.projects.get"]}
[debug] [2026-04-27T13:57:01.917Z] Checked if tokens are valid: true, expires at: 1777301384444
[debug] [2026-04-27T13:57:01.917Z] Checked if tokens are valid: true, expires at: 1777301384444
[debug] [2026-04-27T13:57:01.917Z] >>> [apiv2][query] GET https://cloudresourcemanager.googleapis.com/v1/projects/bkanimationemerainville [none]
[debug] [2026-04-27T13:57:02.072Z] <<< [apiv2][status] GET https://cloudresourcemanager.googleapis.com/v1/projects/bkanimationemerainville 200
[debug] [2026-04-27T13:57:02.073Z] <<< [apiv2][body] GET https://cloudresourcemanager.googleapis.com/v1/projects/bkanimationemerainville {"projectNumber":"312167238846","projectId":"bkanimationemerainville","lifecycleState":"ACTIVE","name":"BkAnimationEmerainville","labels":{"firebase":"enabled","firebase-core":"disabled"},"createTime":"2026-04-25T18:09:31.280Z"}
[info] 
[info] === Serving from '/Users/tibo/Projet/bk-animation'...
[info] 
[debug] [2026-04-27T13:57:02.076Z] Checked if tokens are valid: true, expires at: 1777301384444
[debug] [2026-04-27T13:57:02.076Z] Checked if tokens are valid: true, expires at: 1777301384444
[debug] [2026-04-27T13:57:02.077Z] >>> [apiv2][query] GET https://firebasehosting.googleapis.com/v1beta1/projects/bkanimationemerainville/sites 
[debug] [2026-04-27T13:57:02.971Z] <<< [apiv2][status] GET https://firebasehosting.googleapis.com/v1beta1/projects/bkanimationemerainville/sites 200
[debug] [2026-04-27T13:57:02.971Z] <<< [apiv2][body] GET https://firebasehosting.googleapis.com/v1beta1/projects/bkanimationemerainville/sites {"sites":[{"name":"projects/bkanimationemerainville/sites/bkanimationemerainville","defaultUrl":"https://bkanimationemerainville.web.app","appId":"1:312167238846:web:b79492e2092bb21866a2ef","type":"DEFAULT_SITE"}]}
[debug] [2026-04-27T13:57:02.971Z] Checked if tokens are valid: true, expires at: 1777301384444
[debug] [2026-04-27T13:57:02.971Z] Checked if tokens are valid: true, expires at: 1777301384444
[debug] [2026-04-27T13:57:02.971Z] >>> [apiv2][query] GET https://firebase.googleapis.com/v1beta1/projects/bkanimationemerainville/webApps/1:312167238846:web:b79492e2092bb21866a2ef/config [none]
[debug] [2026-04-27T13:57:03.603Z] <<< [apiv2][status] GET https://firebase.googleapis.com/v1beta1/projects/bkanimationemerainville/webApps/1:312167238846:web:b79492e2092bb21866a2ef/config 200
[debug] [2026-04-27T13:57:03.603Z] <<< [apiv2][body] GET https://firebase.googleapis.com/v1beta1/projects/bkanimationemerainville/webApps/1:312167238846:web:b79492e2092bb21866a2ef/config {"projectId":"bkanimationemerainville","appId":"1:312167238846:web:b79492e2092bb21866a2ef","storageBucket":"bkanimationemerainville.firebasestorage.app","apiKey":"AIzaSyBG377KlyGO543RYR5YZQY9necmjrUmEVE","authDomain":"bkanimationemerainville.firebaseapp.com","messagingSenderId":"312167238846","measurementId":"G-LTVLEH93FF","projectNumber":"312167238846","version":"2"}
[debug] [2026-04-27T13:57:03.610Z] Checked if tokens are valid: true, expires at: 1777301384444
[debug] [2026-04-27T13:57:03.611Z] Checked if tokens are valid: true, expires at: 1777301384444
[debug] [2026-04-27T13:57:03.611Z] >>> [apiv2][query] GET https://firebase.googleapis.com/v1beta1/projects/bkanimationemerainville [none]
[debug] [2026-04-27T13:57:03.836Z] <<< [apiv2][status] GET https://firebase.googleapis.com/v1beta1/projects/bkanimationemerainville 200
[debug] [2026-04-27T13:57:03.836Z] <<< [apiv2][body] GET https://firebase.googleapis.com/v1beta1/projects/bkanimationemerainville {"projectId":"bkanimationemerainville","projectNumber":"312167238846","displayName":"BkAnimationEmerainville","name":"projects/bkanimationemerainville","resources":{"hostingSite":"bkanimationemerainville"},"state":"ACTIVE","etag":"1_06bac42c-b150-4438-a958-be6b2cc1a5a2"}
[info] i  hosting[bkanimationemerainville]: Serving hosting files from: public {"metadata":{"emulator":{"name":"hosting"},"message":"Serving hosting files from: \u001b[1mpublic\u001b[22m"}}
[info] ✔  hosting[bkanimationemerainville]: Local server: http://localhost:5002 {"metadata":{"emulator":{"name":"hosting"},"message":"Local server: \u001b[4m\u001b[1mhttp://localhost:5002\u001b[22m\u001b[24m"}}
[info] i  hosting: ::1 - - [27/Apr/2026:13:57:05 +0000] "GET /index.html HTTP/1.1" 200 - "-" "Mozilla/5.0 (Macintosh; Intel Mac OS X 10_15_7) AppleWebKit/605.1.15 (KHTML, like Gecko) Version/26.3 Safari/605.1.15" {"metadata":{"emulator":{"name":"hosting"},"message":"::1 - - [27/Apr/2026:13:57:05 +0000] \"GET /index.html HTTP/1.1\" 200 - \"-\" \"Mozilla/5.0 (Macintosh; Intel Mac OS X 10_15_7) AppleWebKit/605.1.15 (KHTML, like Gecko) Version/26.3 Safari/605.1.15\""}}
[info] i  hosting: ::1 - - [27/Apr/2026:14:00:10 +0000] "GET /index.html HTTP/1.1" 200 - "http://localhost:5002/admin.html" "Mozilla/5.0 (Macintosh; Intel Mac OS X 10_15_7) AppleWebKit/605.1.15 (KHTML, like Gecko) Version/26.3 Safari/605.1.15" {"metadata":{"emulator":{"name":"hosting"},"message":"::1 - - [27/Apr/2026:14:00:10 +0000] \"GET /index.html HTTP/1.1\" 200 - \"http://localhost:5002/admin.html\" \"Mozilla/5.0 (Macintosh; Intel Mac OS X 10_15_7) AppleWebKit/605.1.15 (KHTML, like Gecko) Version/26.3 Safari/605.1.15\""}}
[info] i  hosting: ::1 - - [27/Apr/2026:14:05:37 +0000] "GET /index.html HTTP/1.1" 200 - "http://localhost:5002/admin.html" "Mozilla/5.0 (Macintosh; Intel Mac OS X 10_15_7) AppleWebKit/605.1.15 (KHTML, like Gecko) Version/26.3 Safari/605.1.15" {"metadata":{"emulator":{"name":"hosting"},"message":"::1 - - [27/Apr/2026:14:05:37 +0000] \"GET /index.html HTTP/1.1\" 200 - \"http://localhost:5002/admin.html\" \"Mozilla/5.0 (Macintosh; Intel Mac OS X 10_15_7) AppleWebKit/605.1.15 (KHTML, like Gecko) Version/26.3 Safari/605.1.15\""}}
[info] i  hosting: ::1 - - [27/Apr/2026:14:08:09 +0000] "GET /index.html HTTP/1.1" 200 - "http://localhost:5002/admin.html" "Mozilla/5.0 (Macintosh; Intel Mac OS X 10_15_7) AppleWebKit/605.1.15 (KHTML, like Gecko) Version/26.3 Safari/605.1.15" {"metadata":{"emulator":{"name":"hosting"},"message":"::1 - - [27/Apr/2026:14:08:09 +0000] \"GET /index.html HTTP/1.1\" 200 - \"http://localhost:5002/admin.html\" \"Mozilla/5.0 (Macintosh; Intel Mac OS X 10_15_7) AppleWebKit/605.1.15 (KHTML, like Gecko) Version/26.3 Safari/605.1.15\""}}
[info] i  hosting: ::1 - - [27/Apr/2026:14:08:09 +0000] "GET /css/shared.css HTTP/1.1" 200 - "http://localhost:5002/index.html" "Mozilla/5.0 (Macintosh; Intel Mac OS X 10_15_7) AppleWebKit/605.1.15 (KHTML, like Gecko) Version/26.3 Safari/605.1.15" {"metadata":{"emulator":{"name":"hosting"},"message":"::1 - - [27/Apr/2026:14:08:09 +0000] \"GET /css/shared.css HTTP/1.1\" 200 - \"http://localhost:5002/index.html\" \"Mozilla/5.0 (Macintosh; Intel Mac OS X 10_15_7) AppleWebKit/605.1.15 (KHTML, like Gecko) Version/26.3 Safari/605.1.15\""}}
[info] i  hosting: ::1 - - [27/Apr/2026:14:08:09 +0000] "GET /css/index.css HTTP/1.1" 200 - "http://localhost:5002/index.html" "Mozilla/5.0 (Macintosh; Intel Mac OS X 10_15_7) AppleWebKit/605.1.15 (KHTML, like Gecko) Version/26.3 Safari/605.1.15" {"metadata":{"emulator":{"name":"hosting"},"message":"::1 - - [27/Apr/2026:14:08:09 +0000] \"GET /css/index.css HTTP/1.1\" 200 - \"http://localhost:5002/index.html\" \"Mozilla/5.0 (Macintosh; Intel Mac OS X 10_15_7) AppleWebKit/605.1.15 (KHTML, like Gecko) Version/26.3 Safari/605.1.15\""}}
[info] i  hosting: ::1 - - [27/Apr/2026:14:08:09 +0000] "GET /js/index.js HTTP/1.1" 200 - "http://localhost:5002/index.html" "Mozilla/5.0 (Macintosh; Intel Mac OS X 10_15_7) AppleWebKit/605.1.15 (KHTML, like Gecko) Version/26.3 Safari/605.1.15" {"metadata":{"emulator":{"name":"hosting"},"message":"::1 - - [27/Apr/2026:14:08:09 +0000] \"GET /js/index.js HTTP/1.1\" 200 - \"http://localhost:5002/index.html\" \"Mozilla/5.0 (Macintosh; Intel Mac OS X 10_15_7) AppleWebKit/605.1.15 (KHTML, like Gecko) Version/26.3 Safari/605.1.15\""}}
[info] i  hosting: ::1 - - [27/Apr/2026:14:08:09 +0000] "GET /js/config.js HTTP/1.1" 200 900 "http://localhost:5002/index.html" "Mozilla/5.0 (Macintosh; Intel Mac OS X 10_15_7) AppleWebKit/605.1.15 (KHTML, like Gecko) Version/26.3 Safari/605.1.15" {"metadata":{"emulator":{"name":"hosting"},"message":"::1 - - [27/Apr/2026:14:08:09 +0000] \"GET /js/config.js HTTP/1.1\" 200 900 \"http://localhost:5002/index.html\" \"Mozilla/5.0 (Macintosh; Intel Mac OS X 10_15_7) AppleWebKit/605.1.15 (KHTML, like Gecko) Version/26.3 Safari/605.1.15\""}}
[info] i  hosting: ::1 - - [27/Apr/2026:14:09:02 +0000] "GET /index.html HTTP/1.1" 200 - "http://localhost:5002/admin.html" "Mozilla/5.0 (Macintosh; Intel Mac OS X 10_15_7) AppleWebKit/605.1.15 (KHTML, like Gecko) Version/26.3 Safari/605.1.15" {"metadata":{"emulator":{"name":"hosting"},"message":"::1 - - [27/Apr/2026:14:09:02 +0000] \"GET /index.html HTTP/1.1\" 200 - \"http://localhost:5002/admin.html\" \"Mozilla/5.0 (Macintosh; Intel Mac OS X 10_15_7) AppleWebKit/605.1.15 (KHTML, like Gecko) Version/26.3 Safari/605.1.15\""}}
[info] i  hosting: ::1 - - [27/Apr/2026:14:09:02 +0000] "GET /js/config.js HTTP/1.1" 200 884 "http://localhost:5002/index.html" "Mozilla/5.0 (Macintosh; Intel Mac OS X 10_15_7) AppleWebKit/605.1.15 (KHTML, like Gecko) Version/26.3 Safari/605.1.15" {"metadata":{"emulator":{"name":"hosting"},"message":"::1 - - [27/Apr/2026:14:09:02 +0000] \"GET /js/config.js HTTP/1.1\" 200 884 \"http://localhost:5002/index.html\" \"Mozilla/5.0 (Macintosh; Intel Mac OS X 10_15_7) AppleWebKit/605.1.15 (KHTML, like Gecko) Version/26.3 Safari/605.1.15\""}}
